../Core/Src/stm32f4xx_hal_msp.c:64:6:HAL_MspInit	8	static
../Core/Src/stm32f4xx_hal_msp.c:86:6:HAL_ADC_MspInit	48	static
../Core/Src/stm32f4xx_hal_msp.c:140:6:HAL_ADC_MspDeInit	0	static
../Core/Src/stm32f4xx_hal_msp.c:185:6:HAL_RTC_MspInit	104	static
../Core/Src/stm32f4xx_hal_msp.c:218:6:HAL_RTC_MspDeInit	0	static
../Core/Src/stm32f4xx_hal_msp.c:240:6:HAL_SPI_MspInit	40	static
../Core/Src/stm32f4xx_hal_msp.c:277:6:HAL_SPI_MspDeInit	0	static
../Core/Src/stm32f4xx_hal_msp.c:307:6:HAL_UART_MspInit	40	static
../Core/Src/stm32f4xx_hal_msp.c:343:6:HAL_UART_MspDeInit	0	static
