../Core/Src/main.c:81:6:myprintf	16	static
../Core/Src/main.c:118:5:FindPeak	24	static
../Core/Src/main.c:132:6:insert_new_value	16	static
../Core/Src/main.c:162:15:kalman_filter	32	static
../Core/Src/main.c:189:5:startWriting	24	static
../Core/Src/main.c:206:5:keepWriting	32	static
../Core/Src/main.c:228:5:endWriting	16	static
../Core/Src/main.c:242:5:getSimplifiedSlope	24	static
../Core/Src/main.c:257:6:DMA_ADC_Complete	16	static
../Core/Src/main.c:269:9:GetMidLine	24	static
../Core/Src/main.c:292:6:HAL_ADC_ConvCpltCallback	16	static
../Core/Src/main.c:392:6:HAL_TIM_PeriodElapsedCallback	16	static
../Core/Src/main.c:427:6:HAL_UART_RxCpltCallback	16	static
../Core/Src/main.c:440:6:HAL_UART_TxCpltCallback	16	static
../Core/Src/main.c:451:5:main	1176	static
../Core/Src/main.c:773:6:SystemClock_Config	88	static
../Core/Src/main.c:829:13:MX_ADC1_Init	24	static
../Core/Src/main.c:890:13:MX_RTC_Init	32	static
../Core/Src/main.c:954:13:MX_SPI2_Init	8	static
../Core/Src/main.c:992:13:MX_TIM1_Init	32	static
../Core/Src/main.c:1038:13:MX_TIM2_Init	32	static
../Core/Src/main.c:1083:13:MX_USART2_UART_Init	8	static
../Core/Src/main.c:1114:13:MX_DMA_Init	16	static
../Core/Src/main.c:1132:13:MX_GPIO_Init	40	static
../Core/Src/main.c:1175:6:Error_Handler	4	static,ignoring_inline_asm
