../Core/Src/main.c:79:6:myprintf	16	static
../Core/Src/main.c:111:6:insert_new_value	16	static
../Core/Src/main.c:129:5:startWriting	24	static
../Core/Src/main.c:146:5:keepWriting	32	static
../Core/Src/main.c:168:5:endWriting	16	static
../Core/Src/main.c:182:5:getSimplifiedSlope	24	static
../Core/Src/main.c:197:6:DMA_ADC_Complete	16	static
../Core/Src/main.c:202:6:HAL_ADC_ConvCpltCallback	16	static
../Core/Src/main.c:250:6:HAL_TIM_PeriodElapsedCallback	16	static
../Core/Src/main.c:292:5:main	1160	static
../Core/Src/main.c:607:6:SystemClock_Config	88	static
../Core/Src/main.c:663:13:MX_ADC1_Init	24	static
../Core/Src/main.c:724:13:MX_RTC_Init	32	static
../Core/Src/main.c:788:13:MX_SPI2_Init	8	static
../Core/Src/main.c:826:13:MX_TIM1_Init	32	static
../Core/Src/main.c:872:13:MX_TIM2_Init	32	static
../Core/Src/main.c:917:13:MX_USART2_UART_Init	8	static
../Core/Src/main.c:948:13:MX_DMA_Init	16	static
../Core/Src/main.c:966:13:MX_GPIO_Init	40	static
../Core/Src/main.c:1009:6:Error_Handler	4	static,ignoring_inline_asm
